
Sarah@LAPTOP-LSNB1UB9 MINGW64 ~
$ cd sei_june_bugs/

Sarah@LAPTOP-LSNB1UB9 MINGW64 ~/sei_june_bugs
$ cd 6-17

Sarah@LAPTOP-LSNB1UB9 MINGW64 ~/sei_june_bugs/6-17
$ mkdir homework

Sarah@LAPTOP-LSNB1UB9 MINGW64 ~/sei_june_bugs/6-17
$ cd homework/

Sarah@LAPTOP-LSNB1UB9 MINGW64 ~/sei_june_bugs/6-17/homework
$ git clone https://github.com/SarahKim143/6-17-hw.git
Cloning into '6-17-hw'...
remote: Enumerating objects: 6, done.
remote: Counting objects: 100% (6/6), done.
remote: Compressing objects: 100% (3/3), done.
remote: Total 6 (delta 1), reused 6 (delta 1), pack-reused 0
Unpacking objects: 100% (6/6), done.

Sarah@LAPTOP-LSNB1UB9 MINGW64 ~/sei_june_bugs/6-17/homework
$ ls
6-17-hw/

Sarah@LAPTOP-LSNB1UB9 MINGW64 ~/sei_june_bugs/6-17/homework
$ cd..
bash: cd..: command not found

Sarah@LAPTOP-LSNB1UB9 MINGW64 ~/sei_june_bugs/6-17/homework
$ cd ..

Sarah@LAPTOP-LSNB1UB9 MINGW64 ~/sei_june_bugs/6-17
$ cd ..

Sarah@LAPTOP-LSNB1UB9 MINGW64 ~/sei_june_bugs
$ cd 6-18

Sarah@LAPTOP-LSNB1UB9 MINGW64 ~/sei_june_bugs/6-18
$ cd homework

Sarah@LAPTOP-LSNB1UB9 MINGW64 ~/sei_june_bugs/6-18/homework
$ cd git-github-lab/

Sarah@LAPTOP-LSNB1UB9 MINGW64 ~/sei_june_bugs/6-18/homework/git-github-lab (master)
$ mkdir resume_page

Sarah@LAPTOP-LSNB1UB9 MINGW64 ~/sei_june_bugs/6-18/homework/git-github-lab (master)
$ cd resume_page/

Sarah@LAPTOP-LSNB1UB9 MINGW64 ~/sei_june_bugs/6-18/homework/git-github-lab/resume_page (master)
$ touch index.html style.css

Sarah@LAPTOP-LSNB1UB9 MINGW64 ~/sei_june_bugs/6-18/homework/git-github-lab/resume_page (master)
$ cd ..

Sarah@LAPTOP-LSNB1UB9 MINGW64 ~/sei_june_bugs/6-18/homework/git-github-lab (master)
$ cd..
bash: cd..: command not found

Sarah@LAPTOP-LSNB1UB9 MINGW64 ~/sei_june_bugs/6-18/homework/git-github-lab (master)
$ cd..
bash: cd..: command not found

Sarah@LAPTOP-LSNB1UB9 MINGW64 ~/sei_june_bugs/6-18/homework/git-github-lab (master)
$ cd ..

Sarah@LAPTOP-LSNB1UB9 MINGW64 ~/sei_june_bugs/6-18/homework
$ cd ..

Sarah@LAPTOP-LSNB1UB9 MINGW64 ~/sei_june_bugs/6-18
$ cd ..

Sarah@LAPTOP-LSNB1UB9 MINGW64 ~/sei_june_bugs
$ cd 6-17

Sarah@LAPTOP-LSNB1UB9 MINGW64 ~/sei_june_bugs/6-17
$ cd homework/

Sarah@LAPTOP-LSNB1UB9 MINGW64 ~/sei_june_bugs/6-17/homework
$ cd 6-17-hw/

Sarah@LAPTOP-LSNB1UB9 MINGW64 ~/sei_june_bugs/6-17/homework/6-17-hw (master)
$ mkdir galaxy_far_far_away

Sarah@LAPTOP-LSNB1UB9 MINGW64 ~/sei_june_bugs/6-17/homework/6-17-hw (master)
$ touch commands.txt

Sarah@LAPTOP-LSNB1UB9 MINGW64 ~/sei_june_bugs/6-17/homework/6-17-hw (master)
$ cd galaxy_far_far_away/

Sarah@LAPTOP-LSNB1UB9 MINGW64 ~/sei_june_bugs/6-17/homework/6-17-hw/galaxy_far_far_away (master)
$ mkdir death_star

Sarah@LAPTOP-LSNB1UB9 MINGW64 ~/sei_june_bugs/6-17/homework/6-17-hw/galaxy_far_far_away (master)
$ cd death_star/

Sarah@LAPTOP-LSNB1UB9 MINGW64 ~/sei_june_bugs/6-17/homework/6-17-hw/galaxy_far_far_away/death_star (master)
$ touch darth_vader.txt princess_leia.txt storm_trooper.txt

Sarah@LAPTOP-LSNB1UB9 MINGW64 ~/sei_june_bugs/6-17/homework/6-17-hw/galaxy_far_far_away/death_star (master)
$ cd ..

Sarah@LAPTOP-LSNB1UB9 MINGW64 ~/sei_june_bugs/6-17/homework/6-17-hw/galaxy_far_far_away (master)
$ mkdir tatooine

Sarah@LAPTOP-LSNB1UB9 MINGW64 ~/sei_june_bugs/6-17/homework/6-17-hw/galaxy_far_far_away (master)
$ touch luke.txt ben_kenobi.txt

Sarah@LAPTOP-LSNB1UB9 MINGW64 ~/sei_june_bugs/6-17/homework/6-17-hw/galaxy_far_far_away (master)
$ cd tatooine

Sarah@LAPTOP-LSNB1UB9 MINGW64 ~/sei_june_bugs/6-17/homework/6-17-hw/galaxy_far_far_away/tatooine (master)
$ mkdir millenium_falcon

Sarah@LAPTOP-LSNB1UB9 MINGW64 ~/sei_june_bugs/6-17/homework/6-17-hw/galaxy_far_far_away/tatooine (master)
$ cd millenium_falcon/

Sarah@LAPTOP-LSNB1UB9 MINGW64 ~/sei_june_bugs/6-17/homework/6-17-hw/galaxy_far_far_away/tatooine/millenium_falcon (master)
$ touch han_solo.txt chewbaca.txt

Sarah@LAPTOP-LSNB1UB9 MINGW64 ~/sei_june_bugs/6-17/homework/6-17-hw/galaxy_far_far_away/tatooine/millenium_falcon (master)
$ cd ..

Sarah@LAPTOP-LSNB1UB9 MINGW64 ~/sei_june_bugs/6-17/homework/6-17-hw/galaxy_far_far_away/tatooine (master)
$ mv ben_kenobi.txt obi_wan.txt

Sarah@LAPTOP-LSNB1UB9 MINGW64 ~/sei_june_bugs/6-17/homework/6-17-hw/galaxy_far_far_away/tatooine (master)
$ cd ..

Sarah@LAPTOP-LSNB1UB9 MINGW64 ~/sei_june_bugs/6-17/homework/6-17-hw/galaxy_far_far_away (master)
$ cp death_star/storm_tooper.txt tatooine/storm_trooper.txt
cp: cannot stat 'death_star/storm_tooper.txt': No such file or directory

Sarah@LAPTOP-LSNB1UB9 MINGW64 ~/sei_june_bugs/6-17/homework/6-17-hw/galaxy_far_far_away (master)
$ cd death_star/

Sarah@LAPTOP-LSNB1UB9 MINGW64 ~/sei_june_bugs/6-17/homework/6-17-hw/galaxy_far_far_away/death_star (master)
$ cp death_star/storm_trooper.txt tatooine/storm_trooper.txt
cp: cannot stat 'death_star/storm_trooper.txt': No such file or directory

Sarah@LAPTOP-LSNB1UB9 MINGW64 ~/sei_june_bugs/6-17/homework/6-17-hw/galaxy_far_far_away/death_star (master)
$ ^C

Sarah@LAPTOP-LSNB1UB9 MINGW64 ~/sei_june_bugs/6-17/homework/6-17-hw/galaxy_far_far_away/death_star (master)
$ cd ..

Sarah@LAPTOP-LSNB1UB9 MINGW64 ~/sei_june_bugs/6-17/homework/6-17-hw/galaxy_far_far_away (master)
$ cp death_star/storm_trooper.txt tatooine/stormtrooper.txt

Sarah@LAPTOP-LSNB1UB9 MINGW64 ~/sei_june_bugs/6-17/homework/6-17-hw/galaxy_far_far_away (master)
$ ls
death_star/  tatooine/

Sarah@LAPTOP-LSNB1UB9 MINGW64 ~/sei_june_bugs/6-17/homework/6-17-hw/galaxy_far_far_away (master)
$ mv tatooine/luke.txt obi_wan.txt tatooine/millenium_falcon/luke.txt obi_wan.txt
mv: target 'obi_wan.txt' is not a directory

Sarah@LAPTOP-LSNB1UB9 MINGW64 ~/sei_june_bugs/6-17/homework/6-17-hw/galaxy_far_far_away (master)
$ mv tatooine/luke.txt tatooine/millenium_falcon/luke.txt

Sarah@LAPTOP-LSNB1UB9 MINGW64 ~/sei_june_bugs/6-17/homework/6-17-hw/galaxy_far_far_away (master)
$ mv tatooine/obi_wan.txt tatooine/millenium_falcon/obi_wan.txt

Sarah@LAPTOP-LSNB1UB9 MINGW64 ~/sei_june_bugs/6-17/homework/6-17-hw/galaxy_far_far_away (master)
$ mv tatooine/millenium_falcon galaxy_far_far_away/millenium_falcon
mv: cannot move 'tatooine/millenium_falcon' to 'galaxy_far_far_away/millenium_falcon': No such file or directory

Sarah@LAPTOP-LSNB1UB9 MINGW64 ~/sei_june_bugs/6-17/homework/6-17-hw/galaxy_far_far_away (master)
$ cd ..

Sarah@LAPTOP-LSNB1UB9 MINGW64 ~/sei_june_bugs/6-17/homework/6-17-hw (master)
$ mv galaxy_far_far_away/tatooine/millenium_falcon galaxy_far_far_away/millenium_falcon

Sarah@LAPTOP-LSNB1UB9 MINGW64 ~/sei_june_bugs/6-17/homework/6-17-hw (master)
$ cd galaxy_far_far_away/

Sarah@LAPTOP-LSNB1UB9 MINGW64 ~/sei_june_bugs/6-17/homework/6-17-hw/galaxy_far_far_away (master)
$ mv galaxy_far_far_away/millenium_falcon galaxy_far_far_away/death_star/millenium_falcon
mv: cannot stat 'galaxy_far_far_away/millenium_falcon': No such file or directory

Sarah@LAPTOP-LSNB1UB9 MINGW64 ~/sei_june_bugs/6-17/homework/6-17-hw/galaxy_far_far_away (master)
$ cd ..

Sarah@LAPTOP-LSNB1UB9 MINGW64 ~/sei_june_bugs/6-17/homework/6-17-hw (master)
$ mv galaxy_far_far_away/millenium_falcon galazy_far_far_away/death_star/millenium_falcon
mv: cannot move 'galaxy_far_far_away/millenium_falcon' to 'galazy_far_far_away/death_star/millenium_falcon': No such file or directory

Sarah@LAPTOP-LSNB1UB9 MINGW64 ~/sei_june_bugs/6-17/homework/6-17-hw (master)
$ ^C

Sarah@LAPTOP-LSNB1UB9 MINGW64 ~/sei_june_bugs/6-17/homework/6-17-hw (master)
$ mv galaxy_far_far_away/millenium_falcon galaxy_far_far_away/death_star/millenium_falcon

Sarah@LAPTOP-LSNB1UB9 MINGW64 ~/sei_june_bugs/6-17/homework/6-17-hw (master)
$ cd galaxy_far_far_away/

Sarah@LAPTOP-LSNB1UB9 MINGW64 ~/sei_june_bugs/6-17/homework/6-17-hw/galaxy_far_far_away (master)
$ mv death_star/princess_leia.txt death_star/millenium_falcon/princess_leia.txt

Sarah@LAPTOP-LSNB1UB9 MINGW64 ~/sei_june_bugs/6-17/homework/6-17-hw/galaxy_far_far_away (master)
$ cd death_star

Sarah@LAPTOP-LSNB1UB9 MINGW64 ~/sei_june_bugs/6-17/homework/6-17-hw/galaxy_far_far_away/death_star (master)
$ cd millenium_falcon/

Sarah@LAPTOP-LSNB1UB9 MINGW64 ~/sei_june_bugs/6-17/homework/6-17-hw/galaxy_far_far_away/death_star/millenium_falcon (master)
$ rm obi_wan.txt

Sarah@LAPTOP-LSNB1UB9 MINGW64 ~/sei_june_bugs/6-17/homework/6-17-hw/galaxy_far_far_away/death_star/millenium_falcon (master)
$ cd ..

Sarah@LAPTOP-LSNB1UB9 MINGW64 ~/sei_june_bugs/6-17/homework/6-17-hw/galaxy_far_far_away/death_star (master)
$ cd ..

Sarah@LAPTOP-LSNB1UB9 MINGW64 ~/sei_june_bugs/6-17/homework/6-17-hw/galaxy_far_far_away (master)
$ mkdir yavin_4

Sarah@LAPTOP-LSNB1UB9 MINGW64 ~/sei_june_bugs/6-17/homework/6-17-hw/galaxy_far_far_away (master)
$ cd ..

Sarah@LAPTOP-LSNB1UB9 MINGW64 ~/sei_june_bugs/6-17/homework/6-17-hw (master)
$ mv galaxy_far_far_away/death_star/millenium_falcon/ galaxy_far_far_away/yavin_4/

Sarah@LAPTOP-LSNB1UB9 MINGW64 ~/sei_june_bugs/6-17/homework/6-17-hw (master)
$ cd galaxy_far_far_away/

Sarah@LAPTOP-LSNB1UB9 MINGW64 ~/sei_june_bugs/6-17/homework/6-17-hw/galaxy_far_far_away (master)
$ cd yavin_4/

Sarah@LAPTOP-LSNB1UB9 MINGW64 ~/sei_june_bugs/6-17/homework/6-17-hw/galaxy_far_far_away/yavin_4 (master)
$ mkdir x_wing

Sarah@LAPTOP-LSNB1UB9 MINGW64 ~/sei_june_bugs/6-17/homework/6-17-hw/galaxy_far_far_away/yavin_4 (master)
$ cd ..

Sarah@LAPTOP-LSNB1UB9 MINGW64 ~/sei_june_bugs/6-17/homework/6-17-hw/galaxy_far_far_away (master)
$ mv yavin_4/millenium_falcon/princess_leia.txt yavin_4/princess_leia.txt

Sarah@LAPTOP-LSNB1UB9 MINGW64 ~/sei_june_bugs/6-17/homework/6-17-hw/galaxy_far_far_away (master)
$ mv yavin_4/millenium_falcon/luke.txt yavin_4/x_wing/luke.txt

Sarah@LAPTOP-LSNB1UB9 MINGW64 ~/sei_june_bugs/6-17/homework/6-17-hw/galaxy_far_far_away (master)
$ cd ..

Sarah@LAPTOP-LSNB1UB9 MINGW64 ~/sei_june_bugs/6-17/homework/6-17-hw (master)
$ mv galaxy_far_far_away/yavin_4/millenium_falcon/ galaxy_far_far_away/millenium_falcon

Sarah@LAPTOP-LSNB1UB9 MINGW64 ~/sei_june_bugs/6-17/homework/6-17-hw (master)
$ mv galaxy_far_far_away/yavin_4/x_wing/ galaxy_far_far_away/x_wing

Sarah@LAPTOP-LSNB1UB9 MINGW64 ~/sei_june_bugs/6-17/homework/6-17-hw (master)
$ cd galaxy_far_far_away/

Sarah@LAPTOP-LSNB1UB9 MINGW64 ~/sei_june_bugs/6-17/homework/6-17-hw/galaxy_far_far_away (master)
$ cd death_star/

Sarah@LAPTOP-LSNB1UB9 MINGW64 ~/sei_june_bugs/6-17/homework/6-17-hw/galaxy_far_far_away/death_star (master)
$ mkdir tie_fighter_1 tie_fighter_2 tie_fighter_3

Sarah@LAPTOP-LSNB1UB9 MINGW64 ~/sei_june_bugs/6-17/homework/6-17-hw/galaxy_far_far_away/death_star (master)
$ cd ..

Sarah@LAPTOP-LSNB1UB9 MINGW64 ~/sei_june_bugs/6-17/homework/6-17-hw/galaxy_far_far_away (master)
$ mv death_star/darth_vader.txt death_star/tie_fighter_1/darth_vader.txt

Sarah@LAPTOP-LSNB1UB9 MINGW64 ~/sei_june_bugs/6-17/homework/6-17-hw/galaxy_far_far_away (master)
$ cp death_star/stormtrooper.txt death_star/tie_fighter_2/storm_trooper.txt death_star/tie_fighter_3/storm_trooper.txt
cp: target 'death_star/tie_fighter_3/storm_trooper.txt' is not a directory

Sarah@LAPTOP-LSNB1UB9 MINGW64 ~/sei_june_bugs/6-17/homework/6-17-hw/galaxy_far_far_away (master)
$ cp death_star/storm_trooper.txt death_star/tie_fighter_2/storm_trooper.txt

Sarah@LAPTOP-LSNB1UB9 MINGW64 ~/sei_june_bugs/6-17/homework/6-17-hw/galaxy_far_far_away (master)
$ cp death_star/storm_trooper.txt death_star/tie_fighter_3/storm_trooper.txt

Sarah@LAPTOP-LSNB1UB9 MINGW64 ~/sei_june_bugs/6-17/homework/6-17-hw/galaxy_far_far_away (master)
$ cd ..

Sarah@LAPTOP-LSNB1UB9 MINGW64 ~/sei_june_bugs/6-17/homework/6-17-hw (master)
$ mv galaxy_far_far_away/death_star/tie_fighter_1 galaxy_far_far_away/tie_fighter_1

Sarah@LAPTOP-LSNB1UB9 MINGW64 ~/sei_june_bugs/6-17/homework/6-17-hw (master)
$ mv galaxy_far_far_away//death_star//tie_fighter_2 galaxy_far_far_away/tie_fighter_2

Sarah@LAPTOP-LSNB1UB9 MINGW64 ~/sei_june_bugs/6-17/homework/6-17-hw (master)
$ mv galaxy_far_far_away/death_star/tie_fighter_3/ galaxy_far_far_away/tie_fighter_3

Sarah@LAPTOP-LSNB1UB9 MINGW64 ~/sei_june_bugs/6-17/homework/6-17-hw (master)
$ cd galaxy_far_far_away/

Sarah@LAPTOP-LSNB1UB9 MINGW64 ~/sei_june_bugs/6-17/homework/6-17-hw/galaxy_far_far_away (master)
$ rm tie_fighter_2
rm: cannot remove 'tie_fighter_2': Is a directory

Sarah@LAPTOP-LSNB1UB9 MINGW64 ~/sei_june_bugs/6-17/homework/6-17-hw/galaxy_far_far_away (master)
$ rm -r tie_fighter_2

Sarah@LAPTOP-LSNB1UB9 MINGW64 ~/sei_june_bugs/6-17/homework/6-17-hw/galaxy_far_far_away (master)
$ rm -r tie_fighter_3

Sarah@LAPTOP-LSNB1UB9 MINGW64 ~/sei_june_bugs/6-17/homework/6-17-hw/galaxy_far_far_away (master)
$ cd x_wing/

Sarah@LAPTOP-LSNB1UB9 MINGW64 ~/sei_june_bugs/6-17/homework/6-17-hw/galaxy_far_far_away/x_wing (master)
$ touch the_force.txt

Sarah@LAPTOP-LSNB1UB9 MINGW64 ~/sei_june_bugs/6-17/homework/6-17-hw/galaxy_far_far_away/x_wing (master)
$ cd ..

Sarah@LAPTOP-LSNB1UB9 MINGW64 ~/sei_june_bugs/6-17/homework/6-17-hw/galaxy_far_far_away (master)
$ rm -r death_star

Sarah@LAPTOP-LSNB1UB9 MINGW64 ~/sei_june_bugs/6-17/homework/6-17-hw/galaxy_far_far_away (master)
$ cd ..

Sarah@LAPTOP-LSNB1UB9 MINGW64 ~/sei_june_bugs/6-17/homework/6-17-hw (master)
$ mv galaxy_far_far_away/millenium_falcon/ galaxy_far_far_away/yavin_4

Sarah@LAPTOP-LSNB1UB9 MINGW64 ~/sei_june_bugs/6-17/homework/6-17-hw (master)
$ mv galaxy_far_far_away/x_wing/ galaxy_far_far_away/yavin_4

Sarah@LAPTOP-LSNB1UB9 MINGW64 ~/sei_june_bugs/6-17/homework/6-17-hw (master)
$ git add -A

Sarah@LAPTOP-LSNB1UB9 MINGW64 ~/sei_june_bugs/6-17/homework/6-17-hw (master)
$ git commit -m "Completed homework assignment"

*** Please tell me who you are.

Run

  git config --global user.email "you@example.com"
  git config --global user.name "Your Name"

to set your account's default identity.
Omit --global to set the identity only in this repository.

fatal: unable to auto-detect email address (got 'Sarah@LAPTOP-LSNB1UB9.(none)')

Sarah@LAPTOP-LSNB1UB9 MINGW64 ~/sei_june_bugs/6-17/homework/6-17-hw (master)
$ git push origina master
fatal: 'origina' does not appear to be a git repository
fatal: Could not read from remote repository.

Please make sure you have the correct access rights
and the repository exists.

Sarah@LAPTOP-LSNB1UB9 MINGW64 ~/sei_june_bugs/6-17/homework/6-17-hw (master)
$ git push origin master
Everything up-to-date
